nohup: ignoring input
[INFO] Scanning for projects...
[INFO] 
[INFO] --------------------------< com.example:demo >--------------------------
[INFO] Building demo 0.0.1-SNAPSHOT
[INFO]   from pom.xml
[INFO] --------------------------------[ jar ]---------------------------------
[INFO] 
[INFO] >>> spring-boot:3.5.4:run (default-cli) > test-compile @ demo >>>
[INFO] 
[INFO] --- resources:3.3.1:resources (default-resources) @ demo ---
[INFO] Copying 1 resource from src/main/resources to target/classes
[INFO] Copying 0 resource from src/main/resources to target/classes
[INFO] 
[INFO] --- compiler:3.14.0:compile (default-compile) @ demo ---
[INFO] Nothing to compile - all classes are up to date.
[INFO] 
[INFO] --- resources:3.3.1:testResources (default-testResources) @ demo ---
[INFO] skip non existing resourceDirectory /root/springboot/src/test/resources
[INFO] 
[INFO] --- compiler:3.14.0:testCompile (default-testCompile) @ demo ---
[INFO] Recompiling the module because of changed source code.
[INFO] Compiling 1 source file with javac [debug parameters release 17] to target/test-classes
[INFO] 
[INFO] <<< spring-boot:3.5.4:run (default-cli) < test-compile @ demo <<<
[INFO] 
[INFO] 
[INFO] --- spring-boot:3.5.4:run (default-cli) @ demo ---
[INFO] Attaching agents: []
Standard Commons Logging discovery in action with spring-jcl: please remove commons-logging.jar from classpath in order to avoid potential conflicts

  .   ____          _            __ _ _
 /\\ / ___'_ __ _ _(_)_ __  __ _ \ \ \ \
( ( )\___ | '_ | '_| | '_ \/ _` | \ \ \ \
 \\/  ___)| |_)| | | | | || (_| |  ) ) ) )
  '  |____| .__|_| |_|_| |_\__, | / / / /
 =========|_|==============|___/=/_/_/_/

[32m :: Spring Boot :: [39m              [2m (v3.5.4)[0;39m

[2m2025-09-19 12:03:48[0;39m [35m[main][0;39m [32mINFO [0;39m [36mcom.example.demo.DemoApplication[0;39m - Starting DemoApplication using Java 17.0.16 with PID 2910252 (/root/springboot/target/classes started by root in /root/springboot)
[2m2025-09-19 12:03:48[0;39m [35m[main][0;39m [32mDEBUG[0;39m [36mcom.example.demo.DemoApplication[0;39m - Running with Spring Boot v3.5.4, Spring v6.2.9
[2m2025-09-19 12:03:48[0;39m [35m[main][0;39m [32mINFO [0;39m [36mcom.example.demo.DemoApplication[0;39m - No active profile set, falling back to 1 default profile: "default"
[2m2025-09-19 12:03:49[0;39m [35m[main][0;39m [32mDEBUG[0;39m [36mo.m.s.mapper.ClassPathMapperScanner[0;39m - Identified candidate component class: file [/root/springboot/target/classes/com/example/demo/mapper/AdminMapper.class]
[2m2025-09-19 12:03:49[0;39m [35m[main][0;39m [32mDEBUG[0;39m [36mo.m.s.mapper.ClassPathMapperScanner[0;39m - Identified candidate component class: file [/root/springboot/target/classes/com/example/demo/mapper/DomainMapper.class]
[2m2025-09-19 12:03:49[0;39m [35m[main][0;39m [32mDEBUG[0;39m [36mo.m.s.mapper.ClassPathMapperScanner[0;39m - Identified candidate component class: file [/root/springboot/target/classes/com/example/demo/mapper/UserDnsRecordMapper.class]
[2m2025-09-19 12:03:49[0;39m [35m[main][0;39m [32mDEBUG[0;39m [36mo.m.s.mapper.ClassPathMapperScanner[0;39m - Identified candidate component class: file [/root/springboot/target/classes/com/example/demo/mapper/UserMapper.class]
[2m2025-09-19 12:03:49[0;39m [35m[main][0;39m [32mDEBUG[0;39m [36mo.m.s.mapper.ClassPathMapperScanner[0;39m - Identified candidate component class: file [/root/springboot/target/classes/com/example/demo/mapper/UserSubdomainMapper.class]
[2m2025-09-19 12:03:49[0;39m [35m[main][0;39m [32mDEBUG[0;39m [36mo.m.s.mapper.ClassPathMapperScanner[0;39m - Creating MapperFactoryBean with name 'adminMapper' and 'com.example.demo.mapper.AdminMapper' mapperInterface
[2m2025-09-19 12:03:49[0;39m [35m[main][0;39m [32mDEBUG[0;39m [36mo.m.s.mapper.ClassPathMapperScanner[0;39m - Enabling autowire by type for MapperFactoryBean with name 'adminMapper'.
[2m2025-09-19 12:03:49[0;39m [35m[main][0;39m [32mDEBUG[0;39m [36mo.m.s.mapper.ClassPathMapperScanner[0;39m - Creating MapperFactoryBean with name 'domainMapper' and 'com.example.demo.mapper.DomainMapper' mapperInterface
[2m2025-09-19 12:03:49[0;39m [35m[main][0;39m [32mDEBUG[0;39m [36mo.m.s.mapper.ClassPathMapperScanner[0;39m - Enabling autowire by type for MapperFactoryBean with name 'domainMapper'.
[2m2025-09-19 12:03:49[0;39m [35m[main][0;39m [32mDEBUG[0;39m [36mo.m.s.mapper.ClassPathMapperScanner[0;39m - Creating MapperFactoryBean with name 'userDnsRecordMapper' and 'com.example.demo.mapper.UserDnsRecordMapper' mapperInterface
[2m2025-09-19 12:03:49[0;39m [35m[main][0;39m [32mDEBUG[0;39m [36mo.m.s.mapper.ClassPathMapperScanner[0;39m - Enabling autowire by type for MapperFactoryBean with name 'userDnsRecordMapper'.
[2m2025-09-19 12:03:49[0;39m [35m[main][0;39m [32mDEBUG[0;39m [36mo.m.s.mapper.ClassPathMapperScanner[0;39m - Creating MapperFactoryBean with name 'userMapper' and 'com.example.demo.mapper.UserMapper' mapperInterface
[2m2025-09-19 12:03:49[0;39m [35m[main][0;39m [32mDEBUG[0;39m [36mo.m.s.mapper.ClassPathMapperScanner[0;39m - Enabling autowire by type for MapperFactoryBean with name 'userMapper'.
[2m2025-09-19 12:03:49[0;39m [35m[main][0;39m [32mDEBUG[0;39m [36mo.m.s.mapper.ClassPathMapperScanner[0;39m - Creating MapperFactoryBean with name 'userSubdomainMapper' and 'com.example.demo.mapper.UserSubdomainMapper' mapperInterface
[2m2025-09-19 12:03:49[0;39m [35m[main][0;39m [32mDEBUG[0;39m [36mo.m.s.mapper.ClassPathMapperScanner[0;39m - Enabling autowire by type for MapperFactoryBean with name 'userSubdomainMapper'.
[2m2025-09-19 12:03:50[0;39m [35m[main][0;39m [32mINFO [0;39m [36mo.s.b.w.e.tomcat.TomcatWebServer[0;39m - Tomcat initialized with port 8001 (http)
[2m2025-09-19 12:03:50[0;39m [35m[main][0;39m [32mINFO [0;39m [36mo.a.catalina.core.StandardService[0;39m - Starting service [Tomcat]
[2m2025-09-19 12:03:50[0;39m [35m[main][0;39m [32mINFO [0;39m [36mo.a.catalina.core.StandardEngine[0;39m - Starting Servlet engine: [Apache Tomcat/10.1.43]
[2m2025-09-19 12:03:50[0;39m [35m[main][0;39m [32mINFO [0;39m [36mo.a.c.c.C.[Tomcat].[localhost].[/][0;39m - Initializing Spring embedded WebApplicationContext
[2m2025-09-19 12:03:50[0;39m [35m[main][0;39m [32mINFO [0;39m [36mo.s.b.w.s.c.ServletWebServerApplicationContext[0;39m - Root WebApplicationContext: initialization completed in 1999 ms
Standard Commons Logging discovery in action with spring-jcl: please remove commons-logging.jar from classpath in order to avoid potential conflicts
[2m2025-09-19 12:03:50[0;39m [35m[main][0;39m [32mDEBUG[0;39m [36mo.m.spring.SqlSessionFactoryBean[0;39m - Property 'mapperLocations' was not specified.
[2m2025-09-19 12:03:50[0;39m [35m[main][0;39m [32mDEBUG[0;39m [36mc.e.d.filter.JwtAuthenticationFilter[0;39m - Filter 'jwtAuthenticationFilter' configured for use
[2m2025-09-19 12:03:51[0;39m [35m[main][0;39m [32mINFO [0;39m [36mo.s.s.c.a.a.c.InitializeUserDetailsBeanManagerConfigurer$InitializeUserDetailsManagerConfigurer[0;39m - Global AuthenticationManager configured with UserDetailsService bean with name userDetailsServiceImpl
[2m2025-09-19 12:03:52[0;39m [35m[main][0;39m [32mINFO [0;39m [36mo.s.b.w.e.tomcat.TomcatWebServer[0;39m - Tomcat started on port 8001 (http) with context path '/'
[2m2025-09-19 12:03:52[0;39m [35m[main][0;39m [32mINFO [0;39m [36mcom.example.demo.DemoApplication[0;39m - Started DemoApplication in 4.598 seconds (process running for 5.191)
[2m2025-09-19 12:03:52[0;39m [35m[scheduling-1][0;39m [32mDEBUG[0;39m [36mc.example.demo.config.ScheduleConfig[0;39m - 开始清理过期的图片验证码
[2m2025-09-19 12:03:52[0;39m [35m[scheduling-1][0;39m [32mDEBUG[0;39m [36mc.example.demo.config.ScheduleConfig[0;39m - 清理过期图片验证码完成
[INFO] ------------------------------------------------------------------------
[INFO] BUILD FAILURE
[INFO] ------------------------------------------------------------------------
[INFO] Total time:  03:40 min
[INFO] Finished at: 2025-09-19T12:07:23+08:00
[INFO] ------------------------------------------------------------------------
[ERROR] Failed to execute goal org.springframework.boot:spring-boot-maven-plugin:3.5.4:run (default-cli) on project demo: Process terminated with exit code: 137 -> [Help 1]
[ERROR] 
[ERROR] To see the full stack trace of the errors, re-run Maven with the -e switch.
[ERROR] Re-run Maven using the -X switch to enable full debug logging.
[ERROR] 
[ERROR] For more information about the errors and possible solutions, please read the following articles:
[ERROR] [Help 1] http://cwiki.apache.org/confluence/display/MAVEN/MojoExecutionException
